// Jest Snapshot v1, https://goo.gl/fbAQLP

exports[`Button Should render correctly 1`] = `
.c0 {
  display: -webkit-box;
  display: -webkit-flex;
  display: -ms-flexbox;
  display: flex;
  -webkit-align-items: center;
  -webkit-box-align: center;
  -ms-flex-align: center;
  align-items: center;
  -webkit-box-pack: center;
  -webkit-justify-content: center;
  -ms-flex-pack: center;
  justify-content: center;
  font-family: 'Montserrat',sans-serif;
  height: 48px;
  padding: 5px 20px;
  border-radius: 4px;
  font-size: 16px;
  font-weight: bold;
  text-transform: uppercase;
  border: none;
  outline: none;
  cursor: pointer;
  width: 100%;
  color: #ffffff;
  background: linear-gradient(to right,#f2295b 0%,#5a2b78 100%);
}

<div>
  <button
    class="c0"
  >
    Login
  </button>
</div>
`;
